
  .   ____          _            __ _ _
 /\\ / ___'_ __ _ _(_)_ __  __ _ \ \ \ \
( ( )\___ | '_ | '_| | '_ \/ _` | \ \ \ \
 \\/  ___)| |_)| | | | | || (_| |  ) ) ) )
  '  |____| .__|_| |_|_| |_\__, | / / / /
 =========|_|==============|___/=/_/_/_/
 :: Spring Boot ::               (v2.7.18)

2025-07-09 13:27:52.797 - INFO 54144 --- [           main] c.s.l.LogAnalysisSystemApplication       : Starting LogAnalysisSystemApplication v1.0.0 using Java 1.8.0_382 on SSIVARED-M-40YX with PID 54144 (/Users/ssivared/MyResume/log-analysis-system/target/log-analysis-demo-1.0.0.jar started by ssivared in /Users/ssivared/MyResume/log-analysis-system)
-2025-07-09 13:27:52.799 -DEBUG 54144 --- [           main] c.s.l.LogAnalysisSystemApplication       : Running with Spring Boot v2.7.18, Spring v5.3.31
-2025-07-09 13:27:52.799 - INFO 54144 --- [           main] c.s.l.LogAnalysisSystemApplication       : The following 1 profile is active: "dev"
-2025-07-09 13:27:54.205 - INFO 54144 --- [           main] o.s.b.w.embedded.tomcat.TomcatWebServer  : Tomcat initialized with port(s): 8082 (http)
-2025-07-09 13:27:54.219 - INFO 54144 --- [           main] o.apache.catalina.core.StandardService   : Starting service [Tomcat]
-2025-07-09 13:27:54.220 - INFO 54144 --- [           main] org.apache.catalina.core.StandardEngine  : Starting Servlet engine: [Apache Tomcat/9.0.83]
-2025-07-09 13:27:54.334 - INFO 54144 --- [           main] o.a.c.c.C.[Tomcat].[localhost].[/]       : Initializing Spring embedded WebApplicationContext
-2025-07-09 13:27:54.334 - INFO 54144 --- [           main] w.s.c.ServletWebServerApplicationContext : Root WebApplicationContext: initialization completed in 1469 ms
-2025-07-09 13:27:55.140 - INFO 54144 --- [           main] o.s.b.a.e.web.EndpointLinksResolver      : Exposing 3 endpoint(s) beneath base path '/actuator'
-2025-07-09 13:27:55.180 - INFO 54144 --- [           main] o.s.b.w.embedded.tomcat.TomcatWebServer  : Tomcat started on port(s): 8082 (http) with context path ''
-2025-07-09 13:27:55.197 - INFO 54144 --- [           main] c.s.l.LogAnalysisSystemApplication       : Started LogAnalysisSystemApplication in 2.909 seconds (JVM running for 3.439)
-2025-07-09 13:28:11.044 - INFO 54144 --- [nio-8082-exec-1] o.a.c.c.C.[Tomcat].[localhost].[/]       : Initializing Spring DispatcherServlet 'dispatcherServlet'
-2025-07-09 13:28:11.045 - INFO 54144 --- [nio-8082-exec-1] o.s.web.servlet.DispatcherServlet        : Initializing Servlet 'dispatcherServlet'
-2025-07-09 13:28:11.046 - INFO 54144 --- [nio-8082-exec-1] o.s.web.servlet.DispatcherServlet        : Completed initialization in 1 ms
-
  .   ____          _            __ _ _
 /\\ / ___'_ __ _ _(_)_ __  __ _ \ \ \ \
( ( )\___ | '_ | '_| | '_ \/ _` | \ \ \ \
 \\/  ___)| |_)| | | | | || (_| |  ) ) ) )
  '  |____| .__|_| |_|_| |_\__, | / / / /
 =========|_|==============|___/=/_/_/_/
 :: Spring Boot ::               (v2.7.18)

2025-07-09 13:29:28.311 - INFO 56024 --- [           main] c.s.l.LogAnalysisSystemApplication       : Starting LogAnalysisSystemApplication v1.0.0 using Java 1.8.0_382 on SSIVARED-M-40YX with PID 56024 (/Users/ssivared/MyResume/log-analysis-system/target/log-analysis-demo-1.0.0.jar started by ssivared in /Users/ssivared/MyResume/log-analysis-system)
-2025-07-09 13:29:28.314 -DEBUG 56024 --- [           main] c.s.l.LogAnalysisSystemApplication       : Running with Spring Boot v2.7.18, Spring v5.3.31
-2025-07-09 13:29:28.314 - INFO 56024 --- [           main] c.s.l.LogAnalysisSystemApplication       : The following 1 profile is active: "dev"
-2025-07-09 13:29:29.507 - INFO 56024 --- [           main] o.s.b.w.embedded.tomcat.TomcatWebServer  : Tomcat initialized with port(s): 8082 (http)
-2025-07-09 13:29:29.517 - INFO 56024 --- [           main] o.apache.catalina.core.StandardService   : Starting service [Tomcat]
-2025-07-09 13:29:29.518 - INFO 56024 --- [           main] org.apache.catalina.core.StandardEngine  : Starting Servlet engine: [Apache Tomcat/9.0.83]
-2025-07-09 13:29:29.579 - INFO 56024 --- [           main] o.a.c.c.C.[Tomcat].[localhost].[/]       : Initializing Spring embedded WebApplicationContext
-2025-07-09 13:29:29.580 - INFO 56024 --- [           main] w.s.c.ServletWebServerApplicationContext : Root WebApplicationContext: initialization completed in 1212 ms
-2025-07-09 13:29:30.324 - INFO 56024 --- [           main] o.s.b.a.e.web.EndpointLinksResolver      : Exposing 3 endpoint(s) beneath base path '/actuator'
-2025-07-09 13:29:30.375 - INFO 56024 --- [           main] o.s.b.w.embedded.tomcat.TomcatWebServer  : Tomcat started on port(s): 8082 (http) with context path ''
-2025-07-09 13:29:30.393 - INFO 56024 --- [           main] c.s.l.LogAnalysisSystemApplication       : Started LogAnalysisSystemApplication in 2.485 seconds (JVM running for 2.89)
-2025-07-09 13:29:51.280 - INFO 56024 --- [nio-8082-exec-1] o.a.c.c.C.[Tomcat].[localhost].[/]       : Initializing Spring DispatcherServlet 'dispatcherServlet'
-2025-07-09 13:29:51.280 - INFO 56024 --- [nio-8082-exec-1] o.s.web.servlet.DispatcherServlet        : Initializing Servlet 'dispatcherServlet'
-2025-07-09 13:29:51.286 - INFO 56024 --- [nio-8082-exec-1] o.s.web.servlet.DispatcherServlet        : Completed initialization in 6 ms
-
  .   ____          _            __ _ _
 /\\ / ___'_ __ _ _(_)_ __  __ _ \ \ \ \
( ( )\___ | '_ | '_| | '_ \/ _` | \ \ \ \
 \\/  ___)| |_)| | | | | || (_| |  ) ) ) )
  '  |____| .__|_| |_|_| |_\__, | / / / /
 =========|_|==============|___/=/_/_/_/
 :: Spring Boot ::               (v2.7.18)

2025-07-09 13:31:09.678 - INFO 57586 --- [           main] c.s.l.LogAnalysisSystemApplication       : Starting LogAnalysisSystemApplication v1.0.0 using Java 1.8.0_382 on SSIVARED-M-40YX with PID 57586 (/Users/ssivared/MyResume/log-analysis-system/target/log-analysis-demo-1.0.0.jar started by ssivared in /Users/ssivared/MyResume/log-analysis-system)
-2025-07-09 13:31:09.687 -DEBUG 57586 --- [           main] c.s.l.LogAnalysisSystemApplication       : Running with Spring Boot v2.7.18, Spring v5.3.31
-2025-07-09 13:31:09.688 - INFO 57586 --- [           main] c.s.l.LogAnalysisSystemApplication       : The following 1 profile is active: "dev"
-2025-07-09 13:31:11.657 - INFO 57586 --- [           main] o.s.b.w.embedded.tomcat.TomcatWebServer  : Tomcat initialized with port(s): 8082 (http)
-2025-07-09 13:31:11.664 - INFO 57586 --- [           main] o.apache.catalina.core.StandardService   : Starting service [Tomcat]
-2025-07-09 13:31:11.665 - INFO 57586 --- [           main] org.apache.catalina.core.StandardEngine  : Starting Servlet engine: [Apache Tomcat/9.0.83]
-2025-07-09 13:31:11.804 - INFO 57586 --- [           main] o.a.c.c.C.[Tomcat].[localhost].[/]       : Initializing Spring embedded WebApplicationContext
-2025-07-09 13:31:11.805 - INFO 57586 --- [           main] w.s.c.ServletWebServerApplicationContext : Root WebApplicationContext: initialization completed in 2031 ms
-2025-07-09 13:31:13.329 - INFO 57586 --- [           main] o.s.b.a.e.web.EndpointLinksResolver      : Exposing 3 endpoint(s) beneath base path '/actuator'
-2025-07-09 13:31:13.397 - INFO 57586 --- [           main] o.s.b.w.embedded.tomcat.TomcatWebServer  : Tomcat started on port(s): 8082 (http) with context path ''
-2025-07-09 13:31:13.419 - INFO 57586 --- [           main] c.s.l.LogAnalysisSystemApplication       : Started LogAnalysisSystemApplication in 4.402 seconds (JVM running for 4.793)
-2025-07-09 13:32:15.694 - INFO 57586 --- [nio-8082-exec-1] o.a.c.c.C.[Tomcat].[localhost].[/]       : Initializing Spring DispatcherServlet 'dispatcherServlet'
-2025-07-09 13:32:15.695 - INFO 57586 --- [nio-8082-exec-1] o.s.web.servlet.DispatcherServlet        : Initializing Servlet 'dispatcherServlet'
-2025-07-09 13:32:15.698 - INFO 57586 --- [nio-8082-exec-1] o.s.web.servlet.DispatcherServlet        : Completed initialization in 3 ms
-
  .   ____          _            __ _ _
 /\\ / ___'_ __ _ _(_)_ __  __ _ \ \ \ \
( ( )\___ | '_ | '_| | '_ \/ _` | \ \ \ \
 \\/  ___)| |_)| | | | | || (_| |  ) ) ) )
  '  |____| .__|_| |_|_| |_\__, | / / / /
 =========|_|==============|___/=/_/_/_/
 :: Spring Boot ::               (v2.7.18)

2025-07-09 14:02:12.840 - INFO 72535 --- [           main] c.s.l.LogAnalysisSystemApplication       : Starting LogAnalysisSystemApplication v1.0.0 using Java 1.8.0_382 on SSIVARED-M-40YX with PID 72535 (/Users/ssivared/MyResume/log-analysis-system/target/log-analysis-demo-1.0.0.jar started by ssivared in /Users/ssivared/MyResume/log-analysis-system)
-2025-07-09 14:02:12.843 -DEBUG 72535 --- [           main] c.s.l.LogAnalysisSystemApplication       : Running with Spring Boot v2.7.18, Spring v5.3.31
-2025-07-09 14:02:12.844 - INFO 72535 --- [           main] c.s.l.LogAnalysisSystemApplication       : The following 1 profile is active: "dev"
-2025-07-09 14:02:14.121 - INFO 72535 --- [           main] o.s.b.w.embedded.tomcat.TomcatWebServer  : Tomcat initialized with port(s): 8082 (http)
-2025-07-09 14:02:14.135 - INFO 72535 --- [           main] o.apache.catalina.core.StandardService   : Starting service [Tomcat]
-2025-07-09 14:02:14.136 - INFO 72535 --- [           main] org.apache.catalina.core.StandardEngine  : Starting Servlet engine: [Apache Tomcat/9.0.83]
-2025-07-09 14:02:14.229 - INFO 72535 --- [           main] o.a.c.c.C.[Tomcat].[localhost].[/]       : Initializing Spring embedded WebApplicationContext
-2025-07-09 14:02:14.229 - INFO 72535 --- [           main] w.s.c.ServletWebServerApplicationContext : Root WebApplicationContext: initialization completed in 1311 ms
-2025-07-09 14:02:14.987 - INFO 72535 --- [           main] o.s.b.a.e.web.EndpointLinksResolver      : Exposing 3 endpoint(s) beneath base path '/actuator'
-2025-07-09 14:02:15.039 - INFO 72535 --- [           main] o.s.b.w.embedded.tomcat.TomcatWebServer  : Tomcat started on port(s): 8082 (http) with context path ''
-2025-07-09 14:02:15.059 - INFO 72535 --- [           main] c.s.l.LogAnalysisSystemApplication       : Started LogAnalysisSystemApplication in 2.701 seconds (JVM running for 3.292)
-2025-07-09 14:02:42.747 - INFO 72535 --- [nio-8082-exec-3] o.a.c.c.C.[Tomcat].[localhost].[/]       : Initializing Spring DispatcherServlet 'dispatcherServlet'
-2025-07-09 14:02:42.750 - INFO 72535 --- [nio-8082-exec-3] o.s.web.servlet.DispatcherServlet        : Initializing Servlet 'dispatcherServlet'
-2025-07-09 14:02:42.758 - INFO 72535 --- [nio-8082-exec-3] o.s.web.servlet.DispatcherServlet        : Completed initialization in 8 ms
-2025-07-18 00:17:05.106 -ERROR 72535 --- [nio-8082-exec-5] o.a.c.c.C.[.[.[/].[dispatcherServlet]    : Servlet.service() for servlet [dispatcherServlet] in context with path [] threw exception [Request processing failed; nested exception is java.util.ConcurrentModificationException] with root cause
-
java.util.ConcurrentModificationException: null
	at java.util.ArrayList$ArrayListSpliterator.tryAdvance(ArrayList.java:1363) ~[na:1.8.0_382]
	at java.util.stream.ReferencePipeline.forEachWithCancel(ReferencePipeline.java:126) ~[na:1.8.0_382]
	at java.util.stream.AbstractPipeline.copyIntoWithCancel(AbstractPipeline.java:499) ~[na:1.8.0_382]
	at java.util.stream.AbstractPipeline.copyInto(AbstractPipeline.java:486) ~[na:1.8.0_382]
	at java.util.stream.AbstractPipeline.wrapAndCopyInto(AbstractPipeline.java:472) ~[na:1.8.0_382]
	at java.util.stream.ReduceOps$ReduceOp.evaluateSequential(ReduceOps.java:708) ~[na:1.8.0_382]
	at java.util.stream.AbstractPipeline.evaluate(AbstractPipeline.java:234) ~[na:1.8.0_382]
	at java.util.stream.ReferencePipeline.collect(ReferencePipeline.java:566) ~[na:1.8.0_382]
	at com.sivareddy.loganalysis.LogIngestionService.searchLogs(LogAnalysisSystemApplication.java:236) ~[classes!/:1.0.0]
	at com.sivareddy.loganalysis.EnterpriseApiController.getLogs(LogAnalysisSystemApplication.java:418) ~[classes!/:1.0.0]
	at sun.reflect.GeneratedMethodAccessor9.invoke(Unknown Source) ~[na:na]
	at sun.reflect.DelegatingMethodAccessorImpl.invoke(DelegatingMethodAccessorImpl.java:43) ~[na:1.8.0_382]
	at java.lang.reflect.Method.invoke(Method.java:498) ~[na:1.8.0_382]
	at org.springframework.web.method.support.InvocableHandlerMethod.doInvoke(InvocableHandlerMethod.java:205) ~[spring-web-5.3.31.jar!/:5.3.31]
	at org.springframework.web.method.support.InvocableHandlerMethod.invokeForRequest(InvocableHandlerMethod.java:150) ~[spring-web-5.3.31.jar!/:5.3.31]
	at org.springframework.web.servlet.mvc.method.annotation.ServletInvocableHandlerMethod.invokeAndHandle(ServletInvocableHandlerMethod.java:117) ~[spring-webmvc-5.3.31.jar!/:5.3.31]
	at org.springframework.web.servlet.mvc.method.annotation.RequestMappingHandlerAdapter.invokeHandlerMethod(RequestMappingHandlerAdapter.java:895) ~[spring-webmvc-5.3.31.jar!/:5.3.31]
	at org.springframework.web.servlet.mvc.method.annotation.RequestMappingHandlerAdapter.handleInternal(RequestMappingHandlerAdapter.java:808) ~[spring-webmvc-5.3.31.jar!/:5.3.31]
	at org.springframework.web.servlet.mvc.method.AbstractHandlerMethodAdapter.handle(AbstractHandlerMethodAdapter.java:87) ~[spring-webmvc-5.3.31.jar!/:5.3.31]
	at org.springframework.web.servlet.DispatcherServlet.doDispatch(DispatcherServlet.java:1072) ~[spring-webmvc-5.3.31.jar!/:5.3.31]
	at org.springframework.web.servlet.DispatcherServlet.doService(DispatcherServlet.java:965) ~[spring-webmvc-5.3.31.jar!/:5.3.31]
	at org.springframework.web.servlet.FrameworkServlet.processRequest(FrameworkServlet.java:1006) ~[spring-webmvc-5.3.31.jar!/:5.3.31]
	at org.springframework.web.servlet.FrameworkServlet.doGet(FrameworkServlet.java:898) ~[spring-webmvc-5.3.31.jar!/:5.3.31]
	at javax.servlet.http.HttpServlet.service(HttpServlet.java:529) ~[tomcat-embed-core-9.0.83.jar!/:na]
	at org.springframework.web.servlet.FrameworkServlet.service(FrameworkServlet.java:883) ~[spring-webmvc-5.3.31.jar!/:5.3.31]
	at javax.servlet.http.HttpServlet.service(HttpServlet.java:623) ~[tomcat-embed-core-9.0.83.jar!/:na]
	at org.apache.catalina.core.ApplicationFilterChain.internalDoFilter(ApplicationFilterChain.java:209) ~[tomcat-embed-core-9.0.83.jar!/:na]
	at org.apache.catalina.core.ApplicationFilterChain.doFilter(ApplicationFilterChain.java:153) ~[tomcat-embed-core-9.0.83.jar!/:na]
	at org.apache.tomcat.websocket.server.WsFilter.doFilter(WsFilter.java:51) ~[tomcat-embed-websocket-9.0.83.jar!/:na]
	at org.apache.catalina.core.ApplicationFilterChain.internalDoFilter(ApplicationFilterChain.java:178) ~[tomcat-embed-core-9.0.83.jar!/:na]
	at org.apache.catalina.core.ApplicationFilterChain.doFilter(ApplicationFilterChain.java:153) ~[tomcat-embed-core-9.0.83.jar!/:na]
	at org.springframework.web.filter.RequestContextFilter.doFilterInternal(RequestContextFilter.java:100) ~[spring-web-5.3.31.jar!/:5.3.31]
	at org.springframework.web.filter.OncePerRequestFilter.doFilter(OncePerRequestFilter.java:117) ~[spring-web-5.3.31.jar!/:5.3.31]
	at org.apache.catalina.core.ApplicationFilterChain.internalDoFilter(ApplicationFilterChain.java:178) ~[tomcat-embed-core-9.0.83.jar!/:na]
	at org.apache.catalina.core.ApplicationFilterChain.doFilter(ApplicationFilterChain.java:153) ~[tomcat-embed-core-9.0.83.jar!/:na]
	at org.springframework.web.filter.FormContentFilter.doFilterInternal(FormContentFilter.java:93) ~[spring-web-5.3.31.jar!/:5.3.31]
	at org.springframework.web.filter.OncePerRequestFilter.doFilter(OncePerRequestFilter.java:117) ~[spring-web-5.3.31.jar!/:5.3.31]
	at org.apache.catalina.core.ApplicationFilterChain.internalDoFilter(ApplicationFilterChain.java:178) ~[tomcat-embed-core-9.0.83.jar!/:na]
	at org.apache.catalina.core.ApplicationFilterChain.doFilter(ApplicationFilterChain.java:153) ~[tomcat-embed-core-9.0.83.jar!/:na]
	at org.springframework.boot.actuate.metrics.web.servlet.WebMvcMetricsFilter.doFilterInternal(WebMvcMetricsFilter.java:96) ~[spring-boot-actuator-2.7.18.jar!/:2.7.18]
	at org.springframework.web.filter.OncePerRequestFilter.doFilter(OncePerRequestFilter.java:117) ~[spring-web-5.3.31.jar!/:5.3.31]
	at org.apache.catalina.core.ApplicationFilterChain.internalDoFilter(ApplicationFilterChain.java:178) ~[tomcat-embed-core-9.0.83.jar!/:na]
	at org.apache.catalina.core.ApplicationFilterChain.doFilter(ApplicationFilterChain.java:153) ~[tomcat-embed-core-9.0.83.jar!/:na]
	at org.springframework.web.filter.CharacterEncodingFilter.doFilterInternal(CharacterEncodingFilter.java:201) ~[spring-web-5.3.31.jar!/:5.3.31]
	at org.springframework.web.filter.OncePerRequestFilter.doFilter(OncePerRequestFilter.java:117) ~[spring-web-5.3.31.jar!/:5.3.31]
	at org.apache.catalina.core.ApplicationFilterChain.internalDoFilter(ApplicationFilterChain.java:178) ~[tomcat-embed-core-9.0.83.jar!/:na]
	at org.apache.catalina.core.ApplicationFilterChain.doFilter(ApplicationFilterChain.java:153) ~[tomcat-embed-core-9.0.83.jar!/:na]
	at org.apache.catalina.core.StandardWrapperValve.invoke(StandardWrapperValve.java:168) ~[tomcat-embed-core-9.0.83.jar!/:na]
	at org.apache.catalina.core.StandardContextValve.invoke(StandardContextValve.java:90) [tomcat-embed-core-9.0.83.jar!/:na]
	at org.apache.catalina.authenticator.AuthenticatorBase.invoke(AuthenticatorBase.java:481) [tomcat-embed-core-9.0.83.jar!/:na]
	at org.apache.catalina.core.StandardHostValve.invoke(StandardHostValve.java:130) [tomcat-embed-core-9.0.83.jar!/:na]
	at org.apache.catalina.valves.ErrorReportValve.invoke(ErrorReportValve.java:93) [tomcat-embed-core-9.0.83.jar!/:na]
	at org.apache.catalina.core.StandardEngineValve.invoke(StandardEngineValve.java:74) [tomcat-embed-core-9.0.83.jar!/:na]
	at org.apache.catalina.connector.CoyoteAdapter.service(CoyoteAdapter.java:342) [tomcat-embed-core-9.0.83.jar!/:na]
	at org.apache.coyote.http11.Http11Processor.service(Http11Processor.java:390) [tomcat-embed-core-9.0.83.jar!/:na]
	at org.apache.coyote.AbstractProcessorLight.process(AbstractProcessorLight.java:63) [tomcat-embed-core-9.0.83.jar!/:na]
	at org.apache.coyote.AbstractProtocol$ConnectionHandler.process(AbstractProtocol.java:928) [tomcat-embed-core-9.0.83.jar!/:na]
	at org.apache.tomcat.util.net.NioEndpoint$SocketProcessor.doRun(NioEndpoint.java:1794) [tomcat-embed-core-9.0.83.jar!/:na]
	at org.apache.tomcat.util.net.SocketProcessorBase.run(SocketProcessorBase.java:52) [tomcat-embed-core-9.0.83.jar!/:na]
	at org.apache.tomcat.util.threads.ThreadPoolExecutor.runWorker(ThreadPoolExecutor.java:1191) [tomcat-embed-core-9.0.83.jar!/:na]
	at org.apache.tomcat.util.threads.ThreadPoolExecutor$Worker.run(ThreadPoolExecutor.java:659) [tomcat-embed-core-9.0.83.jar!/:na]
	at org.apache.tomcat.util.threads.TaskThread$WrappingRunnable.run(TaskThread.java:61) [tomcat-embed-core-9.0.83.jar!/:na]
	at java.lang.Thread.run(Thread.java:750) [na:1.8.0_382]

